OK

Starting kernel ...

Linux version 3.4.11-rt19 (rmm-svce-urd2int04@compil-atr-1) (gcc version 4.8.2 (GCC) ) #1 SMP PREEMPT Fri Oct 22 23:23:10 CET 2021
F@ST3865b prom init
CPU revision is: 0002a080 (Broadcom BMIPS4350)
DSL SDRAM reserved: 0x132000
Determined physical RAM map:
 memory: 0fece000 @ 00000000 (usable)
Zone PFN ranges:
  DMA      0x00000000 -> 0x00001000
  Normal   0x00001000 -> 0x0000fece
Movable zone start PFN for each node
Early memory PFN ranges
    0: 0x00000000 -> 0x0000fece
On node 0 totalpages: 65230
free_area_init_node: node 0, pgdat 80579e60, node_mem_map 81000000
  DMA zone: 32 pages used for memmap
  DMA zone: 0 pages reserved
  DMA zone: 4064 pages, LIFO batch:0
  Normal zone: 478 pages used for memmap
  Normal zone: 60656 pages, LIFO batch:15
PERCPU: Embedded 7 pages/cpu @81203000 s5376 r8192 d15104 u32768
pcpu-alloc: s5376 r8192 d15104 u32768 alloc=8*4096
pcpu-alloc: [0] 0 [0] 1 
Built 1 zonelists in Zone order, mobility grouping on.  Total pages: 64720
Kernel command line: ro noinitrd root=mtd:rootfs init=/etc/preinit ro rootfstype=squashfs console=ttyS0,115200 rootfs_offset=0x002e8000 rootfs_size=0x020b2000 mtdparts=nand:768k(bcm),125184k(partAll),5120k(data) ubi.mtd=ubi part_main=partAll part_boot=partAll image_ubivol=operational board_type=00020010 irqaffinity=0
UBI image volume: "operational"
PID hash table entries: 1024 (order: 0, 4096 bytes)
Dentry cache hash table entries: 32768 (order: 5, 131072 bytes)
Inode-cache hash table entries: 16384 (order: 4, 65536 bytes)
Primary instruction cache 64kB, VIPT, 4-way, linesize 16 bytes.
Primary data cache 32kB, 2-way, VIPT, cache aliases, linesize 16 bytes
Memory: 252552k/260920k available (4503k kernel code, 8368k reserved, 1042k data, 208k init, 0k highmem)
Preemptible hierarchical RCU implementation.
NR_IRQS:128
console [ttyS0] enabled
Calibrating delay loop... 397.31 BogoMIPS (lpj=198656)
pid_max: default: 32768 minimum: 301
Mount-cache hash table entries: 512
--Kernel Config--
  SMP=1
  PREEMPT=1
  DEBUG_SPINLOCK=0
  DEBUG_MUTEXES=0
Broadcom Logger v0.1 Oct 22 2021 23:17:53
CPU revision is: 0002a080 (Broadcom BMIPS4350)
Primary instruction cache 64kB, VIPT, 4-way, linesize 16 bytes.
Primary data cache 32kB, 2-way, VIPT, cache aliases, linesize 16 bytes
Brought up 2 CPUs
NET: Registered protocol family 16
Internal 1P2 VREG will be shutdown if unused...Unused, turn it off (0000888c-00008893=-7<300)
registering PCI controller with io_map_base unset
registering PCI controller with io_map_base unset
bio: create slab <bio-0> at 0
SCSI subsystem initialized
usbcore: registered new interface driver usbfs
usbcore: registered new interface driver hub
usbcore: registered new device driver usb
PCI host bridge to bus 0000:00
pci_bus 0000:00: root bus resource [mem 0xa0f00000-0xa0ffffff]
pci_bus 0000:00: root bus resource [io  0xa2000000-0xa200ffff]
pci 0000:00:00.0: [14e4:435f] type 00 class 0x028000
pci 0000:00:00.0: reg 10: [mem 0x10004000-0x10005fff]
pci 0000:00:09.0: [14e4:6300] type 00 class 0x0c0310
pci 0000:00:09.0: reg 10: [mem 0x10002600-0x100026ff]
pci 0000:00:0a.0: [14e4:6300] type 00 class 0x0c0320
pci 0000:00:0a.0: reg 10: [mem 0x10002500-0x100025ff]
PCI host bridge to bus 0000:01
pci_bus 0000:01: root bus resource [mem 0x11000000-0x11efffff]
pci_bus 0000:01: root bus resource [??? 0x00000000 flags 0x0]
pci 0000:01:00.0: [14e4:6326] type 01 class 0x060400
pci 0000:01:00.0: PME# supported from D0 D3hot
pci 0000:01:00.0: PCI bridge to [bus 02-02]
bcmhs_spi bcmhs_spi.1: master is unqueued, this is deprecated
bcmleg_spi bcmleg_spi.0: master is unqueued, this is deprecated
skbFreeTask created successfully
gbpm_do_work scheduled
[0;34mBLOG v3.0 Initialized[0m
BLOG Rule v1.0 Initialized
Broadcom IQoS v0.1 Oct 22 2021 23:21:46 initialized
Broadcom GBPM v0.1 Oct 22 2021 23:21:47 initialized
NET: Registered protocol family 8
NET: Registered protocol family 20
Switching to clocksource MIPS
NET: Registered protocol family 2
IP route cache hash table entries: 2048 (order: 1, 8192 bytes)
TCP established hash table entries: 8192 (order: 3, 32768 bytes)
TCP bind hash table entries: 8192 (order: 4, 65536 bytes)
TCP: Hash tables configured (established 8192 bind 8192)
TCP: reno registered
UDP hash table entries: 128 (order: 0, 4096 bytes)
UDP-Lite hash table entries: 128 (order: 0, 4096 bytes)
NET: Registered protocol family 1
PCI: CLS mismatch (64 != 16), using 16 bytes
bcm_tstamp initialized, (hpt_freq=200000000 2us_div=200 2ns_mult=5 2ns_shift=0)
squashfs: version 4.0 (2009/01/31) PhiliUBI: max. sequence number:       307350
UBI: attached mtd2 to ubi0
UBI: MTD device name:            "ubi"
UBI: MTD device size:            122 MiB
UBI: number of good PEBs:        978
UBI: number of bad PEBs:         0
UBI: number of corrupted PEBs:   0
UBI: max. allowed volumes:       128
UBI: wear-leveling threshold:    4096
UBI: number of internal volumes: 1
UBI: number of user volumes:     7
UBI: available PEBs:             85
UBI: total number of reserved PEBs: 893
UBI: number of PEBs reserved for bad PEB handling: 9
UBI: max/mean erase counter: 347/314
UBI: image sequence number:  0
UBI: background thread "ubi_bgt0d" started, PID 225
Add UBI volume partitions: name=secondaryboot
Add UBI volume partitions: name=uboot
Add UBI volume partitions: name=permanent_param
Add UBI volume partitions: name=rescue
Add UBI volume partitions: name=operational
